2025-05-27 14:14:13,172 - EddieRealDataTraining - INFO - Starting Eddie Real Data Training: eddie_real_data_20250527_141413
2025-05-27 14:14:13,172 - EddieRealDataTraining - INFO - Results will be saved to: results\eddie_real_data_20250527_141413
2025-05-27 14:14:13,173 - EddieRealDataTraining - INFO - Data path validated: ..\..\..\data
2025-05-27 14:14:13,175 - EddieRealDataTraining - INFO - Using device: cuda
2025-05-27 14:14:13,175 - EddieRealDataTraining - INFO - Using configuration: default
2025-05-27 14:14:13,176 - root - INFO - Loading stock data...
2025-05-27 14:14:13,176 - MarklygonDataProcessor - INFO - Loading data for symbols: ['NVDA', 'TSLA', 'AAPL', 'MSFT', 'GOOGL']
2025-05-27 14:14:36,944 - MarklygonDataProcessor - WARNING - No data file found for AAPL
2025-05-27 14:14:37,916 - MarklygonDataProcessor - WARNING - No data file found for GOOGL
2025-05-27 14:14:44,396 - MarklygonDataProcessor - INFO - Total data loaded: 7265620 rows, 121 columns
2025-05-27 14:14:44,477 - root - INFO - Preparing features...
2025-05-27 14:14:44,478 - MarklygonDataProcessor - INFO - Selected 91 features:
2025-05-27 14:14:44,478 - MarklygonDataProcessor - INFO -   - TA-Lib indicators: 55
2025-05-27 14:14:44,478 - MarklygonDataProcessor - INFO -   - Time features: 16
2025-05-27 14:14:44,478 - MarklygonDataProcessor - INFO -   - Lag features: 10
2025-05-27 14:14:44,478 - MarklygonDataProcessor - INFO -   - Rolling features: 10
2025-05-27 14:15:13,496 - root - INFO - Creating targets...
2025-05-27 14:15:15,426 - MarklygonDataProcessor - INFO - Created targets with shapes:
2025-05-27 14:15:15,449 - MarklygonDataProcessor - INFO -   - sell_intensity: range [-0.762, 0.762]
2025-05-27 14:15:15,459 - MarklygonDataProcessor - INFO -   - market_regime: range [0.000, 3.000]
2025-05-27 14:15:15,467 - MarklygonDataProcessor - INFO -   - volatility: range [0.000, 1.000]
2025-05-27 14:15:15,482 - MarklygonDataProcessor - INFO -   - uncertainty: range [0.000, 1.000]
2025-05-27 14:15:15,502 - root - INFO - Normalizing features...
2025-05-27 14:15:22,023 - MarklygonDataProcessor - INFO - Feature scaler fitted
2025-05-27 14:15:22,023 - root - INFO - Applying PCA...
2025-05-27 14:15:25,545 - MarklygonDataProcessor - INFO - PCA fitted: 91 -> 20 components
2025-05-27 14:15:25,545 - MarklygonDataProcessor - INFO - Explained variance: 0.933
2025-05-27 14:15:26,623 - root - INFO - Creating sequences...
