2025-05-27 12:28:12,951 - EddieRealDataTraining - INFO - Starting Eddie Real Data Training: eddie_real_data_20250527_122812
2025-05-27 12:28:12,952 - EddieRealDataTraining - INFO - Results will be saved to: results\eddie_real_data_20250527_122812
2025-05-27 12:28:12,952 - EddieRealDataTraining - INFO - Data path validated: ..\..\..\data
2025-05-27 12:28:12,955 - EddieRealDataTraining - INFO - Using device: cuda
2025-05-27 12:28:12,955 - EddieRealDataTraining - INFO - Using configuration: quick
2025-05-27 12:28:12,955 - root - INFO - Loading stock data...
2025-05-27 12:28:12,955 - MarklygonDataProcessor - INFO - Loading data for symbols: ['NVDA', 'TSLA']
2025-05-27 12:28:37,694 - MarklygonDataProcessor - INFO - Total data loaded: 2004480 rows, 120 columns
2025-05-27 12:28:37,761 - root - INFO - Preparing features...
2025-05-27 12:28:37,762 - MarklygonDataProcessor - INFO - Selected 91 features:
2025-05-27 12:28:37,762 - MarklygonDataProcessor - INFO -   - TA-Lib indicators: 55
2025-05-27 12:28:37,762 - MarklygonDataProcessor - INFO -   - Time features: 16
2025-05-27 12:28:37,762 - MarklygonDataProcessor - INFO -   - Lag features: 10
2025-05-27 12:28:37,762 - MarklygonDataProcessor - INFO -   - Rolling features: 10
2025-05-27 12:28:43,527 - root - INFO - Creating targets...
2025-05-27 12:28:44,027 - MarklygonDataProcessor - INFO - Created targets with shapes:
2025-05-27 12:28:44,044 - MarklygonDataProcessor - INFO -   - sell_intensity: range [-0.762, 0.762]
2025-05-27 12:28:44,047 - MarklygonDataProcessor - INFO -   - market_regime: range [0.000, 3.000]
2025-05-27 12:28:44,050 - MarklygonDataProcessor - INFO -   - volatility: range [0.000, 1.000]
2025-05-27 12:28:44,055 - MarklygonDataProcessor - INFO -   - uncertainty: range [0.000, 1.000]
2025-05-27 12:28:44,063 - root - INFO - Normalizing features...
2025-05-27 12:28:46,396 - MarklygonDataProcessor - INFO - Feature scaler fitted
2025-05-27 12:28:46,396 - root - INFO - Applying PCA...
2025-05-27 12:28:47,508 - MarklygonDataProcessor - INFO - PCA fitted: 91 -> 20 components
2025-05-27 12:28:47,509 - MarklygonDataProcessor - INFO - Explained variance: 0.922
2025-05-27 12:28:47,529 - root - INFO - Creating sequences...
2025-05-27 12:32:17,525 - MarklygonDataProcessor - INFO - Created 2004422 sequences of length 30
2025-05-27 12:32:17,525 - MarklygonDataProcessor - INFO - Sequence shape: (2004422, 30, 20)
2025-05-27 12:32:19,770 - root - INFO - Splitting data...
2025-05-27 12:32:19,779 - MarklygonDataProcessor - INFO - Data split:
2025-05-27 12:32:19,779 - MarklygonDataProcessor - INFO -   Train: 1403095 samples
2025-05-27 12:32:19,779 - MarklygonDataProcessor - INFO -   Validation: 200442 samples
2025-05-27 12:32:19,780 - MarklygonDataProcessor - INFO -   Test: 400885 samples
2025-05-27 12:32:20,382 - root - INFO - Data loaders created successfully!
2025-05-27 12:32:21,260 - EddieRealDataTraining - INFO - Data loading completed successfully
2025-05-27 12:32:21,263 - MarklygonDataProcessor - INFO - Preprocessor saved to results\eddie_real_data_20250527_122812\preprocessor.pkl
2025-05-27 12:32:21,332 - EddieRealDataTraining - ERROR - Training failed with error: default_collate: batch must contain tensors, numpy arrays, numbers, dicts or lists; found <class 'pandas._libs.tslibs.timestamps.Timestamp'>
Traceback (most recent call last):
  File "C:\Users\Eddie\anaconda3\envs\dl_test\lib\site-packages\torch\utils\data\_utils\collate.py", line 127, in collate
    return elem_type({key: collate([d[key] for d in batch], collate_fn_map=collate_fn_map) for key in elem})
  File "C:\Users\Eddie\anaconda3\envs\dl_test\lib\site-packages\torch\utils\data\_utils\collate.py", line 127, in <dictcomp>
    return elem_type({key: collate([d[key] for d in batch], collate_fn_map=collate_fn_map) for key in elem})
  File "C:\Users\Eddie\anaconda3\envs\dl_test\lib\site-packages\torch\utils\data\_utils\collate.py", line 150, in collate
    raise TypeError(default_collate_err_msg_format.format(elem_type))
TypeError: default_collate: batch must contain tensors, numpy arrays, numbers, dicts or lists; found <class 'pandas._libs.tslibs.timestamps.Timestamp'>

During handling of the above exception, another exception occurred:

Traceback (most recent call last):
  File "C:\Users\Eddie\anaconda3\envs\dl_test\lib\site-packages\torch\utils\data\_utils\collate.py", line 127, in collate
    return elem_type({key: collate([d[key] for d in batch], collate_fn_map=collate_fn_map) for key in elem})
  File "C:\Users\Eddie\anaconda3\envs\dl_test\lib\site-packages\torch\utils\data\_utils\collate.py", line 127, in <dictcomp>
    return elem_type({key: collate([d[key] for d in batch], collate_fn_map=collate_fn_map) for key in elem})
  File "C:\Users\Eddie\anaconda3\envs\dl_test\lib\site-packages\torch\utils\data\_utils\collate.py", line 130, in collate
    return {key: collate([d[key] for d in batch], collate_fn_map=collate_fn_map) for key in elem}
  File "C:\Users\Eddie\anaconda3\envs\dl_test\lib\site-packages\torch\utils\data\_utils\collate.py", line 130, in <dictcomp>
    return {key: collate([d[key] for d in batch], collate_fn_map=collate_fn_map) for key in elem}
  File "C:\Users\Eddie\anaconda3\envs\dl_test\lib\site-packages\torch\utils\data\_utils\collate.py", line 150, in collate
    raise TypeError(default_collate_err_msg_format.format(elem_type))
TypeError: default_collate: batch must contain tensors, numpy arrays, numbers, dicts or lists; found <class 'pandas._libs.tslibs.timestamps.Timestamp'>

During handling of the above exception, another exception occurred:

Traceback (most recent call last):
  File "C:\Users\Eddie\anaconda3\envs\dl_test\lib\site-packages\torch\utils\data\_utils\collate.py", line 127, in collate
    return elem_type({key: collate([d[key] for d in batch], collate_fn_map=collate_fn_map) for key in elem})
  File "C:\Users\Eddie\anaconda3\envs\dl_test\lib\site-packages\torch\utils\data\_utils\collate.py", line 127, in <dictcomp>
    return elem_type({key: collate([d[key] for d in batch], collate_fn_map=collate_fn_map) for key in elem})
  File "C:\Users\Eddie\anaconda3\envs\dl_test\lib\site-packages\torch\utils\data\_utils\collate.py", line 150, in collate
    raise TypeError(default_collate_err_msg_format.format(elem_type))
TypeError: default_collate: batch must contain tensors, numpy arrays, numbers, dicts or lists; found <class 'pandas._libs.tslibs.timestamps.Timestamp'>

During handling of the above exception, another exception occurred:

Traceback (most recent call last):
  File "C:\ClaudeProjects\AI\dl_dev\finalProject\MarklygonAI\src\models\eddie\train_real_data.py", line 273, in main
    perform_data_analysis(train_loader, val_loader, test_loader, processor, save_dir)
  File "C:\ClaudeProjects\AI\dl_dev\finalProject\MarklygonAI\src\models\eddie\train_real_data.py", line 155, in perform_data_analysis
    sample_batch = next(iter(train_loader))
  File "C:\Users\Eddie\anaconda3\envs\dl_test\lib\site-packages\torch\utils\data\dataloader.py", line 630, in __next__
    data = self._next_data()
  File "C:\Users\Eddie\anaconda3\envs\dl_test\lib\site-packages\torch\utils\data\dataloader.py", line 674, in _next_data
    data = self._dataset_fetcher.fetch(index)  # may raise StopIteration
  File "C:\Users\Eddie\anaconda3\envs\dl_test\lib\site-packages\torch\utils\data\_utils\fetch.py", line 54, in fetch
    return self.collate_fn(data)
  File "C:\Users\Eddie\anaconda3\envs\dl_test\lib\site-packages\torch\utils\data\_utils\collate.py", line 265, in default_collate
    return collate(batch, collate_fn_map=default_collate_fn_map)
  File "C:\Users\Eddie\anaconda3\envs\dl_test\lib\site-packages\torch\utils\data\_utils\collate.py", line 130, in collate
    return {key: collate([d[key] for d in batch], collate_fn_map=collate_fn_map) for key in elem}
  File "C:\Users\Eddie\anaconda3\envs\dl_test\lib\site-packages\torch\utils\data\_utils\collate.py", line 130, in <dictcomp>
    return {key: collate([d[key] for d in batch], collate_fn_map=collate_fn_map) for key in elem}
  File "C:\Users\Eddie\anaconda3\envs\dl_test\lib\site-packages\torch\utils\data\_utils\collate.py", line 130, in collate
    return {key: collate([d[key] for d in batch], collate_fn_map=collate_fn_map) for key in elem}
  File "C:\Users\Eddie\anaconda3\envs\dl_test\lib\site-packages\torch\utils\data\_utils\collate.py", line 130, in <dictcomp>
    return {key: collate([d[key] for d in batch], collate_fn_map=collate_fn_map) for key in elem}
  File "C:\Users\Eddie\anaconda3\envs\dl_test\lib\site-packages\torch\utils\data\_utils\collate.py", line 150, in collate
    raise TypeError(default_collate_err_msg_format.format(elem_type))
TypeError: default_collate: batch must contain tensors, numpy arrays, numbers, dicts or lists; found <class 'pandas._libs.tslibs.timestamps.Timestamp'>
