2025-05-27 12:33:47,360 - EddieRealDataTraining - INFO - Starting Eddie Real Data Training: eddie_real_data_20250527_123347
2025-05-27 12:33:47,360 - EddieRealDataTraining - INFO - Results will be saved to: results\eddie_real_data_20250527_123347
2025-05-27 12:33:47,361 - EddieRealDataTraining - INFO - Data path validated: ..\..\..\data
2025-05-27 12:33:47,363 - EddieRealDataTraining - INFO - Using device: cuda
2025-05-27 12:33:47,363 - EddieRealDataTraining - INFO - Using configuration: quick
2025-05-27 12:33:47,364 - root - INFO - Loading stock data...
2025-05-27 12:33:47,364 - MarklygonDataProcessor - INFO - Loading data for symbols: ['NVDA', 'TSLA']
2025-05-27 12:34:11,179 - MarklygonDataProcessor - INFO - Total data loaded: 2004480 rows, 120 columns
2025-05-27 12:34:11,222 - root - INFO - Preparing features...
2025-05-27 12:34:11,222 - MarklygonDataProcessor - INFO - Selected 91 features:
2025-05-27 12:34:11,223 - MarklygonDataProcessor - INFO -   - TA-Lib indicators: 55
2025-05-27 12:34:11,223 - MarklygonDataProcessor - INFO -   - Time features: 16
2025-05-27 12:34:11,223 - MarklygonDataProcessor - INFO -   - Lag features: 10
2025-05-27 12:34:11,223 - MarklygonDataProcessor - INFO -   - Rolling features: 10
2025-05-27 12:34:16,352 - root - INFO - Creating targets...
2025-05-27 12:34:16,869 - MarklygonDataProcessor - INFO - Created targets with shapes:
2025-05-27 12:34:16,885 - MarklygonDataProcessor - INFO -   - sell_intensity: range [-0.762, 0.762]
2025-05-27 12:34:16,888 - MarklygonDataProcessor - INFO -   - market_regime: range [0.000, 3.000]
2025-05-27 12:34:16,890 - MarklygonDataProcessor - INFO -   - volatility: range [0.000, 1.000]
2025-05-27 12:34:16,895 - MarklygonDataProcessor - INFO -   - uncertainty: range [0.000, 1.000]
2025-05-27 12:34:16,903 - root - INFO - Normalizing features...
2025-05-27 12:34:18,854 - MarklygonDataProcessor - INFO - Feature scaler fitted
2025-05-27 12:34:18,855 - root - INFO - Applying PCA...
2025-05-27 12:34:19,931 - MarklygonDataProcessor - INFO - PCA fitted: 91 -> 20 components
2025-05-27 12:34:19,931 - MarklygonDataProcessor - INFO - Explained variance: 0.922
2025-05-27 12:34:19,951 - root - INFO - Creating sequences...
2025-05-27 12:37:39,236 - MarklygonDataProcessor - INFO - Created 2004422 sequences of length 30
2025-05-27 12:37:39,236 - MarklygonDataProcessor - INFO - Sequence shape: (2004422, 30, 20)
2025-05-27 12:37:41,410 - root - INFO - Splitting data...
2025-05-27 12:37:41,417 - MarklygonDataProcessor - INFO - Data split:
2025-05-27 12:37:41,417 - MarklygonDataProcessor - INFO -   Train: 1403095 samples
2025-05-27 12:37:41,417 - MarklygonDataProcessor - INFO -   Validation: 200442 samples
2025-05-27 12:37:41,417 - MarklygonDataProcessor - INFO -   Test: 400885 samples
2025-05-27 12:37:41,995 - root - INFO - Data loaders created successfully!
2025-05-27 12:37:42,628 - EddieRealDataTraining - INFO - Data loading completed successfully
2025-05-27 12:37:42,630 - MarklygonDataProcessor - INFO - Preprocessor saved to results\eddie_real_data_20250527_123347\preprocessor.pkl
2025-05-27 12:39:44,071 - EddieRealDataTraining - INFO - Dry run completed - data loading and analysis successful
