2025-05-27 13:07:48,645 - EddieRealDataTraining - INFO - Starting Eddie Real Data Training: eddie_real_data_20250527_130748
2025-05-27 13:07:48,646 - EddieRealDataTraining - INFO - Results will be saved to: results\eddie_real_data_20250527_130748
2025-05-27 13:07:48,646 - EddieRealDataTraining - INFO - Data path validated: ..\..\..\data
2025-05-27 13:07:48,649 - EddieRealDataTraining - INFO - Using device: cuda
2025-05-27 13:07:48,649 - EddieRealDataTraining - INFO - Using configuration: quick
2025-05-27 13:07:48,649 - root - INFO - Loading stock data...
2025-05-27 13:07:48,650 - MarklygonDataProcessor - INFO - Loading data for symbols: ['NVDA', 'TSLA']
2025-05-27 13:08:13,466 - MarklygonDataProcessor - INFO - Total data loaded: 2004480 rows, 120 columns
2025-05-27 13:08:13,508 - root - INFO - Preparing features...
2025-05-27 13:08:13,509 - MarklygonDataProcessor - INFO - Selected 91 features:
2025-05-27 13:08:13,509 - MarklygonDataProcessor - INFO -   - TA-Lib indicators: 55
2025-05-27 13:08:13,509 - MarklygonDataProcessor - INFO -   - Time features: 16
2025-05-27 13:08:13,510 - MarklygonDataProcessor - INFO -   - Lag features: 10
2025-05-27 13:08:13,510 - MarklygonDataProcessor - INFO -   - Rolling features: 10
2025-05-27 13:08:18,733 - root - INFO - Creating targets...
2025-05-27 13:08:19,240 - MarklygonDataProcessor - INFO - Created targets with shapes:
2025-05-27 13:08:19,258 - MarklygonDataProcessor - INFO -   - sell_intensity: range [-0.762, 0.762]
2025-05-27 13:08:19,262 - MarklygonDataProcessor - INFO -   - market_regime: range [0.000, 3.000]
2025-05-27 13:08:19,265 - MarklygonDataProcessor - INFO -   - volatility: range [0.000, 1.000]
2025-05-27 13:08:19,271 - MarklygonDataProcessor - INFO -   - uncertainty: range [0.000, 1.000]
2025-05-27 13:08:19,279 - root - INFO - Normalizing features...
2025-05-27 13:08:21,224 - MarklygonDataProcessor - INFO - Feature scaler fitted
2025-05-27 13:08:21,225 - root - INFO - Applying PCA...
2025-05-27 13:08:22,280 - MarklygonDataProcessor - INFO - PCA fitted: 91 -> 20 components
2025-05-27 13:08:22,281 - MarklygonDataProcessor - INFO - Explained variance: 0.922
2025-05-27 13:08:22,301 - root - INFO - Creating sequences...
2025-05-27 13:11:40,492 - MarklygonDataProcessor - INFO - Created 2004422 sequences of length 30
2025-05-27 13:11:40,493 - MarklygonDataProcessor - INFO - Sequence shape: (2004422, 30, 20)
2025-05-27 13:11:42,753 - root - INFO - Splitting data...
2025-05-27 13:11:42,761 - MarklygonDataProcessor - INFO - Data split:
2025-05-27 13:11:42,761 - MarklygonDataProcessor - INFO -   Train: 1403095 samples
2025-05-27 13:11:42,762 - MarklygonDataProcessor - INFO -   Validation: 200442 samples
2025-05-27 13:11:42,762 - MarklygonDataProcessor - INFO -   Test: 400885 samples
2025-05-27 13:11:43,340 - root - INFO - Data loaders created successfully!
2025-05-27 13:11:43,958 - EddieRealDataTraining - INFO - Data loading completed successfully
2025-05-27 13:11:43,971 - MarklygonDataProcessor - INFO - Preprocessor saved to results\eddie_real_data_20250527_130748\preprocessor.pkl
2025-05-27 13:13:46,481 - EddieTrainer - INFO - Models initialized on cuda
2025-05-27 13:13:47,469 - EddieTrainer - INFO - Data loaders set: Train=1403095
2025-05-27 13:13:47,469 - EddieTrainer - INFO - Validation=200442
2025-05-27 13:13:47,469 - EddieTrainer - INFO - Test=400885
2025-05-27 13:13:47,470 - EddieTrainer - INFO - Starting training for 10 epochs
2025-05-27 13:13:48,557 - EddieRealDataTraining - ERROR - Training failed with error: mat1 and mat2 shapes cannot be multiplied (64x1 and 32x16)
Traceback (most recent call last):
  File "C:\ClaudeProjects\AI\dl_dev\finalProject\MarklygonAI\src\models\eddie\train_real_data.py", line 298, in main
    results = trainer.train(
  File "C:\ClaudeProjects\AI\dl_dev\finalProject\MarklygonAI\src\models\eddie\train_pipeline.py", line 454, in train
    train_metrics = self.train_epoch()
  File "C:\ClaudeProjects\AI\dl_dev\finalProject\MarklygonAI\src\models\eddie\train_pipeline.py", line 349, in train_epoch
    signal_outputs = self.signal_generator(features)
  File "C:\Users\Eddie\anaconda3\envs\dl_test\lib\site-packages\torch\nn\modules\module.py", line 1518, in _wrapped_call_impl
    return self._call_impl(*args, **kwargs)
  File "C:\Users\Eddie\anaconda3\envs\dl_test\lib\site-packages\torch\nn\modules\module.py", line 1527, in _call_impl
    return forward_call(*args, **kwargs)
  File "C:\ClaudeProjects\AI\dl_dev\finalProject\MarklygonAI\src\models\eddie\signal_pipeline\signal_generator.py", line 211, in forward
    adaptive_output = self.adaptive_attention(tcn_features)
  File "C:\Users\Eddie\anaconda3\envs\dl_test\lib\site-packages\torch\nn\modules\module.py", line 1518, in _wrapped_call_impl
    return self._call_impl(*args, **kwargs)
  File "C:\Users\Eddie\anaconda3\envs\dl_test\lib\site-packages\torch\nn\modules\module.py", line 1527, in _call_impl
    return forward_call(*args, **kwargs)
  File "C:\ClaudeProjects\AI\dl_dev\finalProject\MarklygonAI\src\models\eddie\signal_pipeline\attention.py", line 367, in forward
    market_probs = self.market_classifier(global_repr)  # (batch_size, num_market_states)
  File "C:\Users\Eddie\anaconda3\envs\dl_test\lib\site-packages\torch\nn\modules\module.py", line 1518, in _wrapped_call_impl
    return self._call_impl(*args, **kwargs)
  File "C:\Users\Eddie\anaconda3\envs\dl_test\lib\site-packages\torch\nn\modules\module.py", line 1527, in _call_impl
    return forward_call(*args, **kwargs)
  File "C:\Users\Eddie\anaconda3\envs\dl_test\lib\site-packages\torch\nn\modules\container.py", line 215, in forward
    input = module(input)
  File "C:\Users\Eddie\anaconda3\envs\dl_test\lib\site-packages\torch\nn\modules\module.py", line 1518, in _wrapped_call_impl
    return self._call_impl(*args, **kwargs)
  File "C:\Users\Eddie\anaconda3\envs\dl_test\lib\site-packages\torch\nn\modules\module.py", line 1527, in _call_impl
    return forward_call(*args, **kwargs)
  File "C:\Users\Eddie\anaconda3\envs\dl_test\lib\site-packages\torch\nn\modules\linear.py", line 114, in forward
    return F.linear(input, self.weight, self.bias)
RuntimeError: mat1 and mat2 shapes cannot be multiplied (64x1 and 32x16)
