2025-05-27 14:19:20,282 - EddieRealDataTraining - INFO - Starting Eddie Real Data Training: eddie_real_data_20250527_141920
2025-05-27 14:19:20,282 - EddieRealDataTraining - INFO - Results will be saved to: results\eddie_real_data_20250527_141920
2025-05-27 14:19:20,283 - EddieRealDataTraining - INFO - Data path validated: ..\..\..\data
2025-05-27 14:19:20,286 - EddieRealDataTraining - INFO - Using device: cuda
2025-05-27 14:19:20,286 - EddieRealDataTraining - INFO - Using configuration: quick
2025-05-27 14:19:20,287 - root - INFO - Loading stock data...
2025-05-27 14:19:20,287 - MarklygonDataProcessor - INFO - Loading data for symbols: ['NVDA', 'TSLA', 'AAPL', 'MSFT', 'GOOGL']
2025-05-27 14:19:44,196 - MarklygonDataProcessor - WARNING - No data file found for AAPL
2025-05-27 14:19:44,933 - MarklygonDataProcessor - WARNING - No data file found for GOOGL
2025-05-27 14:19:51,465 - MarklygonDataProcessor - INFO - Total data loaded: 7265620 rows, 121 columns
2025-05-27 14:19:51,531 - root - INFO - Preparing features...
2025-05-27 14:19:51,531 - MarklygonDataProcessor - INFO - Selected 91 features:
2025-05-27 14:19:51,532 - MarklygonDataProcessor - INFO -   - TA-Lib indicators: 55
2025-05-27 14:19:51,532 - MarklygonDataProcessor - INFO -   - Time features: 16
2025-05-27 14:19:51,532 - MarklygonDataProcessor - INFO -   - Lag features: 10
2025-05-27 14:19:51,532 - MarklygonDataProcessor - INFO -   - Rolling features: 10
2025-05-27 14:20:20,537 - root - INFO - Creating targets...
2025-05-27 14:20:22,349 - MarklygonDataProcessor - INFO - Created targets with shapes:
2025-05-27 14:20:22,370 - MarklygonDataProcessor - INFO -   - sell_intensity: range [-0.762, 0.762]
2025-05-27 14:20:22,379 - MarklygonDataProcessor - INFO -   - market_regime: range [0.000, 3.000]
2025-05-27 14:20:22,387 - MarklygonDataProcessor - INFO -   - volatility: range [0.000, 1.000]
2025-05-27 14:20:22,402 - MarklygonDataProcessor - INFO -   - uncertainty: range [0.000, 1.000]
2025-05-27 14:20:22,422 - root - INFO - Normalizing features...
2025-05-27 14:20:29,092 - MarklygonDataProcessor - INFO - Feature scaler fitted
2025-05-27 14:20:29,093 - root - INFO - Applying PCA...
2025-05-27 14:20:32,839 - MarklygonDataProcessor - INFO - PCA fitted: 91 -> 20 components
2025-05-27 14:20:32,840 - MarklygonDataProcessor - INFO - Explained variance: 0.933
2025-05-27 14:20:33,751 - root - INFO - Creating sequences...
